
     Program OPEN_GRID v.7.3.1 starts on  6Jan2026 at 13:59:59 

     This program is part of the open-source Quantum ESPRESSO suite
     for quantum simulation of materials; please cite
         "P. Giannozzi et al., J. Phys.:Condens. Matter 21 395502 (2009);
         "P. Giannozzi et al., J. Phys.:Condens. Matter 29 465901 (2017);
         "P. Giannozzi et al., J. Chem. Phys. 152 154105 (2020);
          URL http://www.quantum-espresso.org", 
     in publications or presentations arising from this work. More details at
     http://www.quantum-espresso.org/quote

     Parallel version (MPI), running on     4 processors

     MPI processes distributed on     1 nodes
     R & G space division:  proc/nbgrp/npool/nimage =       4
     18082 MiB available memory on the printing compute node when the environment starts


  Reading nscf_save data

     Reading xml data from directory:

     ./tmp/crsi2n4.save/
     EXX fraction changed:   0.25
     EXX Screening parameter changed:    0.1060000

     IMPORTANT: XC functional enforced from input :
     Exchange-correlation= HSE
                           (   1   4  12   4   0   0   0)
     EXX-fraction              =        0.25
     Any further DFT definition will be discarded
     Please, verify this is what you really want


     Parallelization info
     --------------------
     sticks:   dense  smooth     PW     G-vecs:    dense   smooth      PW
     Min         171     162     46                27026    23758    3758
     Max         176     163     47                27038    23770    3785
     Sum         691     649    187               108119    95059   15091

     Using Slab Decomposition

 ----2D----2D----2D----2D----2D----2D----2D----2D----2D----2D----2D----2D
  The code is running with the 2D cutoff
  Please refer to:
  Sohier, T., Calandra, M., & Mauri, F. (2017), 
  Density functional perturbation theory for gated two-dimensional heterostructures:
  Theoretical developments and application to flexural phonons in graphene.
  Physical Review B, 96(7), 75448. https://doi.org/10.1103/PhysRevB.96.075448
 ----2D----2D----2D----2D----2D----2D----2D----2D----2D----2D----2D----2D
     Reading collected, re-writing distributed wavefunctions

     EXX: q-point mesh:     8    8    1
     EXX: setup a grid of 64 q-points centered on each k-point
     (k+q)-points:
   0.0000000   0.0000000   0.0000000         1    1
   0.0000000   0.1443376   0.0000000         2    1
   0.0000000   0.2886752   0.0000000         3    1
   0.0000000   0.4330127   0.0000000         4    1
   0.0000000  -0.5773503   0.0000000         5    1
  -0.0000000  -0.4330127   0.0000000         4   -1
  -0.0000000  -0.2886752   0.0000000         3   -1
  -0.0000000  -0.1443376   0.0000000         2   -1
   0.1250000   0.0721688   0.0000000        12    1
   0.1250000   0.2165064   0.0000000         6    1
   0.1250000   0.3608440   0.0000000         7    1
   0.1250000   0.5051815   0.0000000         8    1
   0.1250000  -0.5051815  -0.0000000        26   -1
   0.1250000  -0.3608440  -0.0000000        21   -1
   0.1250000  -0.2165064  -0.0000000        19   -1
   0.1250000  -0.0721688  -0.0000000        11   -1
   0.2500000   0.1443376   0.0000000        14    1
   0.2500000   0.2886752   0.0000000        24   -1
   0.2500000   0.4330127   0.0000000         9    1
   0.2500000   0.5773503   0.0000000        10    1
   0.2500000  -0.4330127  -0.0000000        31   -1
   0.2500000  -0.2886752  -0.0000000        22   -1
   0.2500000  -0.1443376  -0.0000000        13   -1
   0.2500000  -0.0000000   0.0000000        20    1
   0.3750000   0.2165064   0.0000000        16    1
   0.3750000   0.3608440   0.0000000        29   -1
  -0.6250000  -0.0721688   0.0000000        34   -1
   0.3750000  -0.5051815  -0.0000000        33   -1
   0.3750000  -0.3608440  -0.0000000        27   -1
   0.3750000  -0.2165064  -0.0000000        15   -1
   0.3750000  -0.0721688   0.0000000        25    1
   0.3750000   0.0721688   0.0000000        23    1
  -0.5000000  -0.2886752   0.0000000        18    1
  -0.5000000  -0.1443376   0.0000000        28   -1
  -0.5000000   0.0000000   0.0000000        32   -1
  -0.5000000   0.1443376   0.0000000        30   -1
   0.5000000  -0.2886752   0.0000000        17    1
   0.5000000  -0.1443376   0.0000000        30    1
   0.5000000  -0.0000000   0.0000000        32    1
   0.5000000   0.1443376   0.0000000        28    1
  -0.3750000  -0.2165064   0.0000000        16   -1
  -0.3750000  -0.0721688   0.0000000        23   -1
  -0.3750000   0.0721688   0.0000000        25   -1
  -0.3750000   0.2165064   0.0000000        15    1
  -0.3750000   0.3608440   0.0000000        27    1
  -0.3750000   0.5051815   0.0000000        33    1
   0.6250000   0.0721688   0.0000000        34    1
  -0.3750000  -0.3608440   0.0000000        29    1
  -0.2500000  -0.1443376   0.0000000        14   -1
  -0.2500000   0.0000000   0.0000000        20   -1
  -0.2500000   0.1443376   0.0000000        13    1
  -0.2500000   0.2886752   0.0000000        22    1
  -0.2500000   0.4330127   0.0000000        31    1
  -0.2500000  -0.5773503   0.0000000        10   -1
  -0.2500000  -0.4330127   0.0000000         9   -1
  -0.2500000  -0.2886752   0.0000000        24    1
  -0.1250000  -0.0721688   0.0000000        12   -1
  -0.1250000   0.0721688   0.0000000        11    1
  -0.1250000   0.2165064   0.0000000        19    1
  -0.1250000   0.3608440   0.0000000        21    1
  -0.1250000   0.5051815   0.0000000        26    1
  -0.1250000  -0.5051815   0.0000000         8   -1
  -0.1250000  -0.3608440   0.0000000         7   -1
  -0.1250000  -0.2165064   0.0000000         6   -1

     EXX grid:    95059 G-vectors     FFT dimensions: (  32,  32, 225)

     Writing all to output data dir ./tmp/crsi2n4_open.save/ :
     XML data file, pseudopotentials, collected wavefunctions
     Grid of q-points
     Dimensions:   2   2   1
     Shift:        0   0   0
     List to be put in the .win file of wannier90: (already in crystal/fractionary coordinates):
    0.000000000000000    0.000000000000000    0.000000000000000    0.0156250000
    0.000000000000000    0.125000000000000    0.000000000000000    0.0156250000
    0.000000000000000    0.250000000000000    0.000000000000000    0.0156250000
    0.000000000000000    0.375000000000000    0.000000000000000    0.0156250000
    0.000000000000000   -0.500000000000000    0.000000000000000    0.0156250000
    0.000000000000000   -0.375000000000000    0.000000000000000    0.0156250000
    0.000000000000000   -0.250000000000000    0.000000000000000    0.0156250000
    0.000000000000000   -0.125000000000000    0.000000000000000    0.0156250000
    0.125000000000000   -0.000000000000000    0.000000000000000    0.0156250000
    0.125000000000000    0.125000000000000    0.000000000000000    0.0156250000
    0.125000000000000    0.250000000000000    0.000000000000000    0.0156250000
    0.125000000000000    0.375000000000000    0.000000000000000    0.0156250000
    0.125000000000000   -0.500000000000000    0.000000000000000    0.0156250000
    0.125000000000000   -0.375000000000000    0.000000000000000    0.0156250000
    0.125000000000000   -0.250000000000000    0.000000000000000    0.0156250000
    0.125000000000000   -0.125000000000000    0.000000000000000    0.0156250000
    0.250000000000000   -0.000000000000000    0.000000000000000    0.0156250000
    0.250000000000000    0.125000000000000    0.000000000000000    0.0156250000
    0.250000000000000    0.250000000000000    0.000000000000000    0.0156250000
    0.250000000000000    0.375000000000000    0.000000000000000    0.0156250000
    0.250000000000000   -0.500000000000000    0.000000000000000    0.0156250000
    0.250000000000000   -0.375000000000000    0.000000000000000    0.0156250000
    0.250000000000000   -0.250000000000000    0.000000000000000    0.0156250000
    0.250000000000000   -0.125000000000000    0.000000000000000    0.0156250000
    0.375000000000000   -0.000000000000000    0.000000000000000    0.0156250000
    0.375000000000000    0.125000000000000    0.000000000000000    0.0156250000
   -0.625000000000000    0.250000000000000    0.000000000000000    0.0156250000
    0.375000000000000   -0.625000000000000    0.000000000000000    0.0156250000
    0.375000000000000   -0.500000000000000    0.000000000000000    0.0156250000
    0.375000000000000   -0.375000000000000    0.000000000000000    0.0156250000
    0.375000000000000   -0.250000000000000    0.000000000000000    0.0156250000
    0.375000000000000   -0.125000000000000    0.000000000000000    0.0156250000
   -0.500000000000000   -0.000000000000000    0.000000000000000    0.0156250000
   -0.500000000000000    0.125000000000000    0.000000000000000    0.0156250000
   -0.500000000000000    0.250000000000000    0.000000000000000    0.0156250000
   -0.500000000000000    0.375000000000000    0.000000000000000    0.0156250000
    0.500000000000000   -0.500000000000000    0.000000000000000    0.0156250000
    0.500000000000000   -0.375000000000000    0.000000000000000    0.0156250000
    0.500000000000000   -0.250000000000000    0.000000000000000    0.0156250000
    0.500000000000000   -0.125000000000000    0.000000000000000    0.0156250000
   -0.375000000000000    0.000000000000000    0.000000000000000    0.0156250000
   -0.375000000000000    0.125000000000000    0.000000000000000    0.0156250000
   -0.375000000000000    0.250000000000000    0.000000000000000    0.0156250000
   -0.375000000000000    0.375000000000000    0.000000000000000    0.0156250000
   -0.375000000000000    0.500000000000000    0.000000000000000    0.0156250000
   -0.375000000000000    0.625000000000000    0.000000000000000    0.0156250000
    0.625000000000000   -0.250000000000000    0.000000000000000    0.0156250000
   -0.375000000000000   -0.125000000000000    0.000000000000000    0.0156250000
   -0.250000000000000    0.000000000000000    0.000000000000000    0.0156250000
   -0.250000000000000    0.125000000000000    0.000000000000000    0.0156250000
   -0.250000000000000    0.250000000000000    0.000000000000000    0.0156250000
   -0.250000000000000    0.375000000000000    0.000000000000000    0.0156250000
   -0.250000000000000    0.500000000000000    0.000000000000000    0.0156250000
   -0.250000000000000   -0.375000000000000    0.000000000000000    0.0156250000
   -0.250000000000000   -0.250000000000000    0.000000000000000    0.0156250000
   -0.250000000000000   -0.125000000000000    0.000000000000000    0.0156250000
   -0.125000000000000    0.000000000000000    0.000000000000000    0.0156250000
   -0.125000000000000    0.125000000000000    0.000000000000000    0.0156250000
   -0.125000000000000    0.250000000000000    0.000000000000000    0.0156250000
   -0.125000000000000    0.375000000000000    0.000000000000000    0.0156250000
   -0.125000000000000    0.500000000000000    0.000000000000000    0.0156250000
   -0.125000000000000   -0.375000000000000    0.000000000000000    0.0156250000
   -0.125000000000000   -0.250000000000000    0.000000000000000    0.0156250000
   -0.125000000000000   -0.125000000000000    0.000000000000000    0.0156250000

     OPEN_GRID    :      4.43s CPU      5.90s WALL


   This run was terminated on:  14: 0: 5   6Jan2026            

=------------------------------------------------------------------------------=
   JOB DONE.
=------------------------------------------------------------------------------=

