
     Program PW2WANNIER v.7.3.1 starts on  8Jan2026 at  1: 9:35 

     This program is part of the open-source Quantum ESPRESSO suite
     for quantum simulation of materials; please cite
         "P. Giannozzi et al., J. Phys.:Condens. Matter 21 395502 (2009);
         "P. Giannozzi et al., J. Phys.:Condens. Matter 29 465901 (2017);
         "P. Giannozzi et al., J. Chem. Phys. 152 154105 (2020);
          URL http://www.quantum-espresso.org", 
     in publications or presentations arising from this work. More details at
     http://www.quantum-espresso.org/quote

     Parallel version (MPI), running on     4 processors

     MPI processes distributed on     1 nodes
     R & G space division:  proc/nbgrp/npool/nimage =       4
     9027 MiB available memory on the printing compute node when the environment starts


     Reading nscf_save data

     Reading xml data from directory:

     ./tmp/crsi2n4_open.save/
     Message from routine qexsd_readschema :
     input info not found or not readable in xml file
     EXX fraction changed:   0.25
     EXX Screening parameter changed:    0.1060000

     IMPORTANT: XC functional enforced from input :
     Exchange-correlation= HSE
                           (   1   4  12   4   0   0   0)
     EXX-fraction              =        0.25
     Any further DFT definition will be discarded
     Please, verify this is what you really want


     Parallelization info
     --------------------
     sticks:   dense  smooth     PW     G-vecs:    dense   smooth      PW
     Min         171     162     46                27026    23758    3758
     Max         176     163     47                27038    23770    3785
     Sum         691     649    187               108119    95059   15091

     Using Slab Decomposition

 ----2D----2D----2D----2D----2D----2D----2D----2D----2D----2D----2D----2D
  The code is running with the 2D cutoff
  Please refer to:
  Sohier, T., Calandra, M., & Mauri, F. (2017), 
  Density functional perturbation theory for gated two-dimensional heterostructures:
  Theoretical developments and application to flexural phonons in graphene.
  Physical Review B, 96(7), 75448. https://doi.org/10.1103/PhysRevB.96.075448
 ----2D----2D----2D----2D----2D----2D----2D----2D----2D----2D----2D----2D
     Reading collected, re-writing distributed wavefunctions

  Spin CASE ( default = unpolarized )

  Wannier mode is: standalone     

  -----------------
  *** Reading nnkp 
  -----------------

  Checking info from wannier.nnkp file

  - Real lattice is ok
  - Reciprocal lattice is ok
  - K-points are ok
  - Number of wannier functions is ok ( 26)
  - All guiding functions are given 

  Projections:
    0.785700    0.123720    3.123750  0  1  1    1.000000
    0.785700    0.123720    3.123750  2  1  1    1.000000
    0.785700    0.123720    3.123750  2  2  1    1.000000
    0.785700    0.123720    3.123750  2  3  1    1.000000
    0.785700    0.123720    3.123750  2  4  1    1.000000
    0.785700    0.123720    3.123750  2  5  1    1.000000
    0.285715    0.412393    2.109103 -3  1  1    1.000000
    0.285715    0.412393    2.109103 -3  2  1    1.000000
    0.285715    0.412393    2.109103 -3  3  1    1.000000
    0.285715    0.412393    2.109103 -3  4  1    1.000000
    0.285715    0.412375    4.147744 -3  1  1    1.000000
    0.285715    0.412375    4.147744 -3  2  1    1.000000
    0.285715    0.412375    4.147744 -3  3  1    1.000000
    0.285715    0.412375    4.147744 -3  4  1    1.000000
    0.285705    0.412393    2.723835  1  1  1    1.000000
    0.285705    0.412393    2.723835  1  2  1    1.000000
    0.285705    0.412393    2.723835  1  3  1    1.000000
    0.285710    0.412384    3.528777  1  1  1    1.000000
    0.285710    0.412384    3.528777  1  2  1    1.000000
    0.285710    0.412384    3.528777  1  3  1    1.000000
    0.785715    0.123694    4.339122  1  1  1    1.000000
    0.785715    0.123694    4.339122  1  2  1    1.000000
    0.785715    0.123694    4.339122  1  3  1    1.000000
   -0.214290    0.701065    1.920937  1  1  1    1.000000
   -0.214290    0.701065    1.920937  1  2  1    1.000000
   -0.214290    0.701065    1.920937  1  3  1    1.000000

  Reading data about k-point neighbours 

  All neighbours are found 

  Opening pp-files 


  --------------------------
  *** Compute  A projections
  --------------------------

  Number of local k points =       64
       1       2       3       4       5       6       7       8       9      10
      11      12      13      14      15      16      17      18      19      20
      21      22      23      24      25      26      27      28      29      30
      31      32      33      34      35      36      37      38      39      40
      41      42      43      44      45      46      47      48      49      50
      51      52      53      54      55      56      57      58      59      60
      61      62      63      64
  AMN calculated

  ---------------
  *** Compute  M 
  ---------------

  Number of local k points =       64
       1       2       3       4       5       6       7       8       9      10
      11      12      13      14      15      16      17      18      19      20
      21      22      23      24      25      26      27      28      29      30
      31      32      33      34      35      36      37      38      39      40
      41      42      43      44      45      46      47      48      49      50
      51      52      53      54      55      56      57      58      59      60
      61      62      63      64
  MMN calculated

  -----------------------------------
  *** Orbital terms are not computed 
  -----------------------------------

  -----------------------------------
  *** SHC terms are not computed 
  -----------------------------------

  ----------------
  *** Write bands 
  ----------------


  --------------------
  *** Write plot info 
  --------------------

  Number of local k points =       64
       1       2       3       4       5       6       7       8       9      10
      11      12      13      14      15      16      17      18      19      20
      21      22      23      24      25      26      27      28      29      30
      31      32      33      34      35      36      37      38      39      40
      41      42      43      44      45      46      47      48      49      50
      51      52      53      54      55      56      57      58      59      60
      61      62      63      64
  UNK written

  -----------------------------
  *** Parity info is not printed 
  -----------------------------

  ------------
  *** Stop pp 
  ------------


     init_pw2wan  :      0.62s CPU      0.71s WALL (       1 calls)
     compute_amn  :     92.91s CPU     92.93s WALL (       1 calls)
     compute_mmn  :      7.93s CPU      8.49s WALL (       1 calls)
     write_unk    :      1.43s CPU      7.40s WALL (       1 calls)

     Internal routines:
     compute_u_kb :      4.84s CPU      5.35s WALL (     512 calls)

     PW2WANNIER   :   1m42.89s CPU   1m49.55s WALL


   This run was terminated on:   1:11:24   8Jan2026            

=------------------------------------------------------------------------------=
   JOB DONE.
=------------------------------------------------------------------------------=

