
     Program MATDYN v.7.3.1 starts on 22Apr2025 at  1:50:53 

     This program is part of the open-source Quantum ESPRESSO suite
     for quantum simulation of materials; please cite
         "P. Giannozzi et al., J. Phys.:Condens. Matter 21 395502 (2009);
         "P. Giannozzi et al., J. Phys.:Condens. Matter 29 465901 (2017);
         "P. Giannozzi et al., J. Chem. Phys. 152 154105 (2020);
          URL http://www.quantum-espresso.org", 
     in publications or presentations arising from this work. More details at
     http://www.quantum-espresso.org/quote

     Parallel version (MPI), running on     8 processors

     MPI processes distributed on     1 nodes
     R & G space division:  proc/nbgrp/npool/nimage =       8
     9622 MiB available memory on the printing compute node when the environment starts

 mass for atomic type   1 not given; uses mass from file crsi2n4.fc                                                                                                                                                                                                                                                      
 mass for atomic type   2 not given; uses mass from file crsi2n4.fc                                                                                                                                                                                                                                                      
 mass for atomic type   3 not given; uses mass from file crsi2n4.fc                                                                                                                                                                                                                                                      
 Norm of the difference between old and new effective charges:    0.00000000000000000000

 Norm of the difference between old and new force-constants:   0.00350219548519479281


     MATDYN       :      0.14s CPU      0.14s WALL


   This run was terminated on:   1:50:53  22Apr2025            

=------------------------------------------------------------------------------=
   JOB DONE.
=------------------------------------------------------------------------------=
