
     Program Q2R v.7.3.1 starts on 22Apr2025 at  1:36:59 

     This program is part of the open-source Quantum ESPRESSO suite
     for quantum simulation of materials; please cite
         "P. Giannozzi et al., J. Phys.:Condens. Matter 21 395502 (2009);
         "P. Giannozzi et al., J. Phys.:Condens. Matter 29 465901 (2017);
         "P. Giannozzi et al., J. Chem. Phys. 152 154105 (2020);
          URL http://www.quantum-espresso.org", 
     in publications or presentations arising from this work. More details at
     http://www.quantum-espresso.org/quote

     Parallel version (MPI), running on     8 processors

     MPI processes distributed on     1 nodes
     R & G space division:  proc/nbgrp/npool/nimage =       8
     9692 MiB available memory on the printing compute node when the environment starts


  reading grid info from file crsi2n4.dyn0    

  reading force constants from file crsi2n4.dyn1
  Dielectric Tensor not found
  nqs=            1
 q=   0.00000000  0.00000000  0.00000000
  reading force constants from file crsi2n4.dyn2
  nqs=            2
 q=   0.00000000  0.28867514  0.00000000
 q=  -0.00000000 -0.28867514 -0.00000000
  reading force constants from file crsi2n4.dyn3
  nqs=            1
 q=   0.00000000 -0.57735027  0.00000000
  reading force constants from file crsi2n4.dyn4
  nqs=            2
 q=   0.25000000  0.14433757  0.00000000
 q=  -0.25000000 -0.14433757 -0.00000000
  reading force constants from file crsi2n4.dyn5
  nqs=            2
 q=   0.25000000  0.43301270  0.00000000
 q=  -0.25000000 -0.43301270 -0.00000000
  reading force constants from file crsi2n4.dyn6
  nqs=            2
 q=   0.25000000 -0.43301270  0.00000000
 q=  -0.25000000  0.43301270 -0.00000000
  reading force constants from file crsi2n4.dyn7
  nqs=            2
 q=   0.25000000 -0.14433757  0.00000000
 q=  -0.25000000  0.14433757 -0.00000000
  reading force constants from file crsi2n4.dyn8
  nqs=            1
 q=  -0.50000000 -0.28867514  0.00000000
  reading force constants from file crsi2n4.dyn9
  nqs=            2
 q=  -0.50000000  0.00000000  0.00000000
 q=   0.50000000 -0.00000000 -0.00000000
  reading force constants from file crsi2n4.dyn10
  nqs=            1
 q=  -0.50000000 -0.86602540  0.00000000

      q-space grid ok, #points =   16

      fft-check success (sum of imaginary terms < 10^-12)

     Q2R          :      0.04s CPU      0.05s WALL


   This run was terminated on:   1:36:59  22Apr2025            

=------------------------------------------------------------------------------=
   JOB DONE.
=------------------------------------------------------------------------------=
